            - benchmarks/ackermann.lua-2.lua:
                extra_args: ""
            - benchmarks/ary.lua:
                extra_args: ""
            - benchmarks/binarytrees.lua-2.lua:
                extra_args: ""
            - benchmarks/binarytrees.lua-3.lua:
                extra_args: ""
            - benchmarks/chameneos.lua:
                extra_args: ""
            - benchmarks/disabled:
                extra_args: ""
            - benchmarks/except.lua:
                extra_args: ""
            - benchmarks/fannkuch.lua:
                extra_args: ""
            - benchmarks/fannkuch.lua-2.lua:
                extra_args: ""
            - benchmarks/fannkuchredux.lua:
                extra_args: ""
            - benchmarks/fasta.lua:
                extra_args: ""
            - benchmarks/fibo.lua:
                extra_args: ""
            - benchmarks/harmonic.lua:
                extra_args: ""
            - benchmarks/hash2.lua:
                extra_args: ""
            - benchmarks/hash.lua:
                extra_args: ""
            - benchmarks/hello.lua:
                extra_args: ""
            - benchmarks/lists.lua:
                extra_args: ""
            - benchmarks/mandelbrot.lua:
                extra_args: ""
            - benchmarks/mandelbrot.lua-2.lua:
                extra_args: ""
            - benchmarks/matrix.lua:
                extra_args: ""
            - benchmarks/message.lua-2.lua:
                extra_args: ""
            - benchmarks/moments.lua:
                extra_args: ""
            - benchmarks/nbody.lua:
                extra_args: ""
            - benchmarks/nbody.lua-2.lua:
                extra_args: ""
            - benchmarks/nbody.lua-4.lua:
                extra_args: ""
            - benchmarks/nestedloop.lua:
                extra_args: ""
            - benchmarks/nsievebits.lua:
                extra_args: ""
            - benchmarks/nsieve.lua-3.lua:
                extra_args: ""
            - benchmarks/partialsums.lua-2.lua:
                extra_args: ""
            - benchmarks/partialsums.lua-3.lua:
                extra_args: ""
            - benchmarks/process.lua:
                extra_args: ""
            - benchmarks/prodcons.lua:
                extra_args: ""
            - benchmarks/random.lua:
                extra_args: ""
            - benchmarks/recursive.lua:
                extra_args: ""
            - benchmarks/regexdna.lua:
                extra_args: ""
            - benchmarks/regexmatch.lua:
                extra_args: ""
            - benchmarks/reversefile.lua:
                extra_args: ""
            - benchmarks/sieve.lua:
                extra_args: ""
            - benchmarks/sieve.lua-2.lua:
                extra_args: ""
            - benchmarks/spectralnorm.lua:
                extra_args: ""
            - benchmarks/spellcheck.lua:
                extra_args: ""
            - benchmarks/strcat.lua:
                extra_args: ""
            - benchmarks/strcat.lua-2.lua:
                extra_args: ""
            - benchmarks/sumcol.lua:
                extra_args: ""
            - benchmarks/takfp.lua:
                extra_args: ""
            - benchmarks/wc.lua:
                extra_args: ""
            - benchmarks/wordfreq.lua:
                extra_args: ""
